.next/types/validator.ts(42,39): error TS2307: Cannot find module '../../app/agenda/page.js' or its corresponding type declarations.
.next/types/validator.ts(51,39): error TS2307: Cannot find module '../../app/clientes/page.js' or its corresponding type declarations.
.next/types/validator.ts(60,39): error TS2307: Cannot find module '../../app/configuracoes/page.js' or its corresponding type declarations.
.next/types/validator.ts(69,39): error TS2307: Cannot find module '../../app/financeiro/page.js' or its corresponding type declarations.
.next/types/validator.ts(78,39): error TS2307: Cannot find module '../../app/orcamentos/page.js' or its corresponding type declarations.
.next/types/validator.ts(87,39): error TS2307: Cannot find module '../../app/page.js' or its corresponding type declarations.
.next/types/validator.ts(96,39): error TS2307: Cannot find module '../../app/pipelines/page.js' or its corresponding type declarations.
.next/types/validator.ts(105,39): error TS2307: Cannot find module '../../app/servicos/page.js' or its corresponding type declarations.
.next/types/validator.ts(114,39): error TS2307: Cannot find module '../../app/tarefas/page.js' or its corresponding type declarations.
app/(dashboard)/link-bio/page.tsx(5,3): error TS2724: '"lucide-react"' has no exported member named 'smartphone'. Did you mean 'Smartphone'?
components/funnel/CustomEdge.tsx(54,13): error TS2322: Type '{}' is not assignable to type 'ReactNode'.
components/funnel/MetricNode.tsx(49,15): error TS2322: Type '{}' is not assignable to type 'ReactNode'.
components/funnel/MetricNode.tsx(60,45): error TS2322: Type '{}' is not assignable to type 'string | number'.
components/funnel/MetricNode.tsx(65,45): error TS2322: Type '{}' is not assignable to type 'string | number'.
components/funnel/MetricNode.tsx(71,47): error TS2322: Type '{}' is not assignable to type 'string | number'.
components/funnel/MetricNode.tsx(77,44): error TS2322: Type '{}' is not assignable to type 'string | number'.
components/funnel/MetricNode.tsx(85,26): error TS2740: Type '{}' is missing the following properties from type 'any[]': length, pop, push, concat, and 35 more.
components/ui/hover-card.tsx(4,37): error TS2307: Cannot find module '@radix-ui/react-hover-card' or its corresponding type declarations.
lib/schemas/briefing.ts(6,11): error TS2769: No overload matches this call.
  Overload 1 of 2, '(values: readonly ["text", "paragraph", "select", "multiselect"], params?: string | { error?: string | $ZodErrorMap<$ZodIssueInvalidValue<unknown>> | undefined; message?: string | undefined; } | undefined): ZodEnum<...>', gave the following error.
    Object literal may only specify known properties, and 'errorMap' does not exist in type '{ error?: string | $ZodErrorMap<$ZodIssueInvalidValue<unknown>> | undefined; message?: string | undefined; }'.
  Overload 2 of 2, '(entries: Readonly<Record<string, EnumValue>>, params?: string | { error?: string | $ZodErrorMap<$ZodIssueInvalidValue<unknown>> | undefined; message?: string | undefined; } | undefined): ZodEnum<...>', gave the following error.
    Argument of type 'readonly ["text", "paragraph", "select", "multiselect"]' is not assignable to parameter of type 'Readonly<Record<string, EnumValue>>'.
      Index signature for type 'string' is missing in type 'readonly ["text", "paragraph", "select", "multiselect"]'.
lib/schemas/briefing.ts(7,16): error TS7006: Parameter 'issue' implicitly has an 'any' type.
lib/schemas/briefing.ts(7,23): error TS7006: Parameter 'ctx' implicitly has an 'any' type.
